Willoughby branch (2140) holds
- account 608947 owned by Xinting Hui from Banksmeadow with $1700
- account 610028 owned by Dominic Starr from Balgowlah Heights with $700
- account 623616 owned by Craig Moran from Bundeena with $1300
- account 632673 owned by Paul Chapman from Waverley with $100
- account 634590 owned by Ida Landstad from Carlton with $2500
- account 639175 owned by Ka Lai from Redfern with $500
- account 641849 owned by Stephanie Tham from Terrey Hills with $500
Assets: $7300
