Redfern branch (1986) holds
- account 610009 owned by Risa Boontanomvong from Macarthur with $400
- account 613444 owned by Nidhi Canteenwalla from Redfern with $1300
- account 614398 owned by Herman Chan from Redfern with $700
- account 614568 owned by Kuang Cheng from Taren Point with $700
- account 616597 owned by Adam Roberts from Flemington with $200
- account 618334 owned by Sha Liang from Putney with $1300
- account 623841 owned by Yan Chen from Gymea with $1800
- account 626528 owned by Pooja Hill from Manly Vale with $2100
- account 630130 owned by Chen Han from Avalon Beach with $300
- account 630153 owned by Ziyan Zheng from Chipping Norton with $300
- account 631979 owned by Douglas Hoffenberg from Marrickville with $2300
- account 632296 owned by Hong La from Redfern with $1900
- account 635279 owned by Ya-Lan Chueh from Parklea with $200
- account 639493 owned by Chun Ng from Punchbowl with $100
- account 639738 owned by Nga Chan from Balgowlah Heights with $1800
- account 640860 owned by Charles Lee from Sans Souci with $2600
- account 641343 owned by David Lit from Stanmore with $100
- account 643270 owned by Yuanfei Jiang from Stanmore with $2700
- account 646641 owned by Brian Lin from Berowra with $2500
- account 650228 owned by Julie Ooi from Kirribilli with $300
- account 651250 owned by Kristian Landstad from Heathcote with $0
- account 652572 owned by Hiu-Kwan Sum from Watsons Bay with $1500
- account 652651 owned by Neki Saratchandran from Ashbury with $100
Assets: $25200
