      suburb       | ncust 
-------------------+-------
 Bondi Junction    |    13
 Brighton-Le-Sands |    13
 Kirribilli        |    13
(3 rows)
