                            q4                            
----------------------------------------------------------
 Mismatch: calculated balance 15500, stored balance 10000
(1 row)
