                           q4                           
--------------------------------------------------------
 Mismatch: calculated balance 1400, stored balance 1000
(1 row)
